分类: 📺央视频道, 名称: CCTV-1, 有效: 4, IPv4: 51, IPv6: 0, 最小延迟: 387 ms, 最高速率: 8.81 M/s, 平均速率: 3.27 M/s, 最高分辨率: 1920x1080
分类: 📺央视频道, 名称: CCTV-2, 有效: 7, IPv4: 45, IPv6: 0, 最小延迟: 438 ms, 最高速率: 9.02 M/s, 平均速率: 5.03 M/s, 最高分辨率: 1920x1080
分类: 📺央视频道, 名称: CCTV-3, 有效: 2, IPv4: 44, IPv6: 0, 最小延迟: 440 ms, 最高速率: 8.92 M/s, 平均速率: 8.06 M/s, 最高分辨率: 1920x1080
分类: 📺央视频道, 名称: CCTV-4, 有效: 4, IPv4: 54, IPv6: 0, 最小延迟: 297 ms, 最高速率: 8.68 M/s, 平均速率: 5.41 M/s, 最高分辨率: 1920x1080
分类: 📺央视频道, 名称: CCTV-5, 有效: 5, IPv4: 50, IPv6: 0, 最小延迟: 478 ms, 最高速率: 7.24 M/s, 平均速率: 2.06 M/s, 最高分辨率: 1920x1080
分类: 📺央视频道, 名称: CCTV-5+, 有效: 1, IPv4: 30, IPv6: 0, 最小延迟: 409 ms, 最高速率: 8.08 M/s, 平均速率: 5.85 M/s, 最高分辨率: 1920x1080
分类: 📺央视频道, 名称: CCTV-6, 有效: 3, IPv4: 41, IPv6: 0, 最小延迟: 188 ms, 最高速率: 0.98 M/s, 平均速率: 0.84 M/s, 最高分辨率: 1920x1080
分类: 📺央视频道, 名称: CCTV-7, 有效: 3, IPv4: 38, IPv6: 0, 最小延迟: 961 ms, 最高速率: 4.86 M/s, 平均速率: 2.05 M/s, 最高分辨率: 1920x1080
分类: 📺央视频道, 名称: CCTV-8, 有效: 5, IPv4: 46, IPv6: 0, 最小延迟: 296 ms, 最高速率: 8.54 M/s, 平均速率: 3.86 M/s, 最高分辨率: 1920x1080
分类: 📺央视频道, 名称: CCTV-9, 有效: 3, IPv4: 41, IPv6: 0, 最小延迟: 289 ms, 最高速率: 7.90 M/s, 平均速率: 3.59 M/s, 最高分辨率: 1920x1080
分类: 📺央视频道, 名称: CCTV-10, 有效: 4, IPv4: 42, IPv6: 0, 最小延迟: 314 ms, 最高速率: 9.27 M/s, 平均速率: 3.94 M/s, 最高分辨率: 1920x1080
分类: 📺央视频道, 名称: CCTV-11, 有效: 3, IPv4: 37, IPv6: 0, 最小延迟: 379 ms, 最高速率: 3.82 M/s, 平均速率: 2.03 M/s, 最高分辨率: 1920x1080
分类: 📺央视频道, 名称: CCTV-12, 有效: 3, IPv4: 32, IPv6: 0, 最小延迟: 270 ms, 最高速率: 7.96 M/s, 平均速率: 3.79 M/s, 最高分辨率: 1920x1080
分类: 📺央视频道, 名称: CCTV-13, 有效: 3, IPv4: 38, IPv6: 0, 最小延迟: 584 ms, 最高速率: 6.72 M/s, 平均速率: 4.76 M/s, 最高分辨率: 1920x1080
分类: 📺央视频道, 名称: CCTV-14, 有效: 5, IPv4: 38, IPv6: 0, 最小延迟: 412 ms, 最高速率: 9.26 M/s, 平均速率: 4.96 M/s, 最高分辨率: 1920x1080
分类: 📺央视频道, 名称: CCTV-15, 有效: 2, IPv4: 41, IPv6: 0, 最小延迟: 406 ms, 最高速率: 4.92 M/s, 平均速率: 4.86 M/s, 最高分辨率: 1920x1080
分类: 📺央视频道, 名称: CCTV-16, 有效: 2, IPv4: 21, IPv6: 0, 最小延迟: 417 ms, 最高速率: 6.25 M/s, 平均速率: 3.42 M/s, 最高分辨率: 1920x1080
分类: 📺央视频道, 名称: CCTV-17, 有效: 5, IPv4: 28, IPv6: 0, 最小延迟: 39 ms, 最高速率: 118.83 M/s, 平均速率: 50.68 M/s, 最高分辨率: 1920x1080
分类: 📺央视频道, 名称: CETV-1, 有效: 4, IPv4: 52, IPv6: 0, 最小延迟: 739 ms, 最高速率: 6.85 M/s, 平均速率: 4.06 M/s, 最高分辨率: 1920x1080
分类: 📺央视频道, 名称: CETV-2, 有效: 0, IPv4: 32, IPv6: 0, 最小延迟: 555 ms, 最高速率: 9.21 M/s, 平均速率: 0.00 M/s, 最高分辨率: 720x576
分类: 📺央视频道, 名称: CETV-3, 有效: 0, IPv4: 4, IPv6: 0, 最小延迟: 418 ms, 最高速率: 6.35 M/s, 平均速率: 0.00 M/s, 最高分辨率: 1280x720
分类: 📺央视频道, 名称: CETV-4, 有效: 0, IPv4: 39, IPv6: 0, 最小延迟: 580 ms, 最高速率: 8.90 M/s, 平均速率: 0.00 M/s, 最高分辨率: 720x576
分类: 💰央视付费频道, 名称: 文化精品, 有效: 4, IPv4: 8, IPv6: 0, 最小延迟: 50 ms, 最高速率: 101.87 M/s, 平均速率: 32.63 M/s, 最高分辨率: 1920x1080
分类: 💰央视付费频道, 名称: 央视台球, 有效: 4, IPv4: 7, IPv6: 0, 最小延迟: 475 ms, 最高速率: 8.87 M/s, 平均速率: 4.81 M/s, 最高分辨率: 1920x1080
分类: 💰央视付费频道, 名称: 风云音乐, 有效: 5, IPv4: 13, IPv6: 0, 最小延迟: 46 ms, 最高速率: 115.90 M/s, 平均速率: 47.72 M/s, 最高分辨率: 1920x1080
分类: 💰央视付费频道, 名称: 第一剧场, 有效: 6, IPv4: 20, IPv6: 0, 最小延迟: 41 ms, 最高速率: 130.49 M/s, 平均速率: 37.80 M/s, 最高分辨率: 1920x1080
分类: 💰央视付费频道, 名称: 风云剧场, 有效: 4, IPv4: 10, IPv6: 0, 最小延迟: 61 ms, 最高速率: 82.45 M/s, 平均速率: 26.99 M/s, 最高分辨率: 1920x1080
分类: 💰央视付费频道, 名称: 风云足球, 有效: 2, IPv4: 5, IPv6: 0, 最小延迟: 772 ms, 最高速率: 5.74 M/s, 平均速率: 5.05 M/s, 最高分辨率: 1920x1080
分类: 💰央视付费频道, 名称: 怀旧剧场, 有效: 4, IPv4: 12, IPv6: 0, 最小延迟: 54 ms, 最高速率: 84.34 M/s, 平均速率: 23.14 M/s, 最高分辨率: 1920x1080
分类: 💰央视付费频道, 名称: 世界地理, 有效: 2, IPv4: 3, IPv6: 0, 最小延迟: 1205 ms, 最高速率: 1.68 M/s, 平均速率: 1.67 M/s, 最高分辨率: 1920x1080
分类: 💰央视付费频道, 名称: 女性时尚, 有效: 3, IPv4: 11, IPv6: 0, 最小延迟: 524 ms, 最高速率: 8.78 M/s, 平均速率: 5.39 M/s, 最高分辨率: 1920x1080
分类: 💰央视付费频道, 名称: 高尔夫网球, 有效: 1, IPv4: 7, IPv6: 0, 最小延迟: 344 ms, 最高速率: 8.08 M/s, 平均速率: 8.08 M/s, 最高分辨率: 1920x1080
分类: 💰央视付费频道, 名称: 电视指南, 有效: 1, IPv4: 4, IPv6: 0, 最小延迟: 517 ms, 最高速率: 7.97 M/s, 平均速率: 7.97 M/s, 最高分辨率: 1920x1080
分类: 💰央视付费频道, 名称: 兵器科技, 有效: 5, IPv4: 10, IPv6: 0, 最小延迟: 43 ms, 最高速率: 126.64 M/s, 平均速率: 43.25 M/s, 最高分辨率: 1920x1080
分类: 📡卫视频道, 名称: 香港卫视, 有效: 0, IPv4: 6, IPv6: 0, 最小延迟: -1 ms, 最高速率: 0.00 M/s, 平均速率: 0.00 M/s, 最高分辨率: None
分类: 📡卫视频道, 名称: 广东卫视, 有效: 5, IPv4: 34, IPv6: 0, 最小延迟: 6 ms, 最高速率: 186.44 M/s, 平均速率: 5.00 M/s, 最高分辨率: 1920x1080
分类: 📡卫视频道, 名称: 浙江卫视, 有效: 6, IPv4: 34, IPv6: 0, 最小延迟: 511 ms, 最高速率: 9.22 M/s, 平均速率: 7.01 M/s, 最高分辨率: 1920x1080
分类: 📡卫视频道, 名称: 湖南卫视, 有效: 5, IPv4: 41, IPv6: 0, 最小延迟: 448 ms, 最高速率: 8.67 M/s, 平均速率: 7.56 M/s, 最高分辨率: 3840x2160
分类: 📡卫视频道, 名称: 北京卫视, 有效: 4, IPv4: 38, IPv6: 0, 最小延迟: 7 ms, 最高速率: 13.25 M/s, 平均速率: 5.14 M/s, 最高分辨率: 1920x1080
分类: 📡卫视频道, 名称: 湖北卫视, 有效: 3, IPv4: 36, IPv6: 0, 最小延迟: 398 ms, 最高速率: 7.93 M/s, 平均速率: 3.84 M/s, 最高分辨率: 1920x1080
分类: 📡卫视频道, 名称: 黑龙江卫视, 有效: 0, IPv4: 31, IPv6: 0, 最小延迟: 1015 ms, 最高速率: 0.40 M/s, 平均速率: 0.00 M/s, 最高分辨率: 1920x1080
分类: 📡卫视频道, 名称: 安徽卫视, 有效: 3, IPv4: 33, IPv6: 0, 最小延迟: 229 ms, 最高速率: 1.41 M/s, 平均速率: 1.11 M/s, 最高分辨率: 1920x1080
分类: 📡卫视频道, 名称: 重庆卫视, 有效: 2, IPv4: 37, IPv6: 0, 最小延迟: 455 ms, 最高速率: 6.55 M/s, 平均速率: 6.49 M/s, 最高分辨率: 1920x1080
分类: 📡卫视频道, 名称: 东方卫视, 有效: 7, IPv4: 35, IPv6: 0, 最小延迟: 483 ms, 最高速率: 8.97 M/s, 平均速率: 6.73 M/s, 最高分辨率: 1920x1080
分类: 📡卫视频道, 名称: 东南卫视, 有效: 2, IPv4: 32, IPv6: 0, 最小延迟: 483 ms, 最高速率: 9.12 M/s, 平均速率: 5.03 M/s, 最高分辨率: 1920x1080
分类: 📡卫视频道, 名称: 甘肃卫视, 有效: 3, IPv4: 22, IPv6: 0, 最小延迟: 457 ms, 最高速率: 9.72 M/s, 平均速率: 9.35 M/s, 最高分辨率: 1920x1080
分类: 📡卫视频道, 名称: 广西卫视, 有效: 2, IPv4: 30, IPv6: 0, 最小延迟: 457 ms, 最高速率: 8.84 M/s, 平均速率: 7.92 M/s, 最高分辨率: 1920x1080
分类: 📡卫视频道, 名称: 贵州卫视, 有效: 7, IPv4: 29, IPv6: 0, 最小延迟: 39 ms, 最高速率: 137.72 M/s, 平均速率: 25.52 M/s, 最高分辨率: 1920x1080
分类: 📡卫视频道, 名称: 海南卫视, 有效: 1, IPv4: 16, IPv6: 0, 最小延迟: 1070 ms, 最高速率: 0.71 M/s, 平均速率: 0.71 M/s, 最高分辨率: 1920x1080
分类: 📡卫视频道, 名称: 河北卫视, 有效: 3, IPv4: 31, IPv6: 0, 最小延迟: 456 ms, 最高速率: 8.83 M/s, 平均速率: 3.46 M/s, 最高分辨率: 1920x1080
分类: 📡卫视频道, 名称: 河南卫视, 有效: 1, IPv4: 35, IPv6: 0, 最小延迟: 803 ms, 最高速率: 5.55 M/s, 平均速率: 5.55 M/s, 最高分辨率: 1920x1080
分类: 📡卫视频道, 名称: 吉林卫视, 有效: 2, IPv4: 28, IPv6: 0, 最小延迟: 428 ms, 最高速率: 8.65 M/s, 平均速率: 8.22 M/s, 最高分辨率: 1920x1080
分类: 📡卫视频道, 名称: 江苏卫视, 有效: 7, IPv4: 37, IPv6: 0, 最小延迟: 465 ms, 最高速率: 9.52 M/s, 平均速率: 7.98 M/s, 最高分辨率: 1920x1080
分类: 📡卫视频道, 名称: 江西卫视, 有效: 5, IPv4: 35, IPv6: 0, 最小延迟: 42 ms, 最高速率: 126.90 M/s, 平均速率: 33.24 M/s, 最高分辨率: 1920x1080
分类: 📡卫视频道, 名称: 辽宁卫视, 有效: 7, IPv4: 32, IPv6: 0, 最小延迟: 445 ms, 最高速率: 9.32 M/s, 平均速率: 6.74 M/s, 最高分辨率: 1920x1080
分类: 📡卫视频道, 名称: 内蒙古卫视, 有效: 4, IPv4: 16, IPv6: 0, 最小延迟: 43 ms, 最高速率: 114.78 M/s, 平均速率: 56.21 M/s, 最高分辨率: 1920x1080
分类: 📡卫视频道, 名称: 宁夏卫视, 有效: 5, IPv4: 22, IPv6: 0, 最小延迟: 39 ms, 最高速率: 127.26 M/s, 平均速率: 75.09 M/s, 最高分辨率: 1920x1080
分类: 📡卫视频道, 名称: 青海卫视, 有效: 1, IPv4: 22, IPv6: 0, 最小延迟: 480 ms, 最高速率: 9.10 M/s, 平均速率: 9.10 M/s, 最高分辨率: 1920x1080
分类: 📡卫视频道, 名称: 山东卫视, 有效: 2, IPv4: 28, IPv6: 0, 最小延迟: 625 ms, 最高速率: 7.46 M/s, 平均速率: 4.12 M/s, 最高分辨率: 1920x1080
分类: 📡卫视频道, 名称: 山西卫视, 有效: 4, IPv4: 29, IPv6: 0, 最小延迟: 40 ms, 最高速率: 135.66 M/s, 平均速率: 66.37 M/s, 最高分辨率: 1920x1080
分类: 📡卫视频道, 名称: 陕西卫视, 有效: 3, IPv4: 28, IPv6: 0, 最小延迟: 43 ms, 最高速率: 133.22 M/s, 平均速率: 50.70 M/s, 最高分辨率: 1920x1080
分类: 📡卫视频道, 名称: 四川卫视, 有效: 4, IPv4: 37, IPv6: 0, 最小延迟: 51 ms, 最高速率: 104.18 M/s, 平均速率: 43.59 M/s, 最高分辨率: 1920x1080
分类: 📡卫视频道, 名称: 深圳卫视, 有效: 8, IPv4: 28, IPv6: 0, 最小延迟: 476 ms, 最高速率: 9.06 M/s, 平均速率: 4.66 M/s, 最高分辨率: 1920x1080
分类: 📡卫视频道, 名称: 三沙卫视, 有效: 1, IPv4: 9, IPv6: 0, 最小延迟: 411 ms, 最高速率: 7.22 M/s, 平均速率: 7.22 M/s, 最高分辨率: 1920x1080
分类: 📡卫视频道, 名称: 天津卫视, 有效: 1, IPv4: 25, IPv6: 0, 最小延迟: 452 ms, 最高速率: 1.98 M/s, 平均速率: 1.98 M/s, 最高分辨率: 1920x1080
分类: 📡卫视频道, 名称: 西藏卫视, 有效: 4, IPv4: 12, IPv6: 0, 最小延迟: 51 ms, 最高速率: 99.77 M/s, 平均速率: 31.78 M/s, 最高分辨率: 1920x1080
分类: 📡卫视频道, 名称: 新疆卫视, 有效: 2, IPv4: 18, IPv6: 0, 最小延迟: 45 ms, 最高速率: 109.99 M/s, 平均速率: 59.18 M/s, 最高分辨率: 1920x1080
分类: 📡卫视频道, 名称: 云南卫视, 有效: 3, IPv4: 28, IPv6: 0, 最小延迟: 40 ms, 最高速率: 127.30 M/s, 平均速率: 46.94 M/s, 最高分辨率: 1920x1080
分类: 🌊港·澳·台, 名称: 翡翠台, 有效: 0, IPv4: 10, IPv6: 0, 最小延迟: 353 ms, 最高速率: 1.55 M/s, 平均速率: 0.00 M/s, 最高分辨率: 1920x1080
分类: 🌊港·澳·台, 名称: 明珠台, 有效: 0, IPv4: 3, IPv6: 0, 最小延迟: 10662 ms, 最高速率: 0.07 M/s, 平均速率: 0.00 M/s, 最高分辨率: 1920x1080
分类: 🌊港·澳·台, 名称: 凤凰中文, 有效: 0, IPv4: 16, IPv6: 0, 最小延迟: 525 ms, 最高速率: 0.23 M/s, 平均速率: 0.00 M/s, 最高分辨率: 1920x1080
分类: 🌊港·澳·台, 名称: 三立新闻, 有效: 0, IPv4: 1, IPv6: 0, 最小延迟: -1 ms, 最高速率: 0.00 M/s, 平均速率: 0.00 M/s, 最高分辨率: None
分类: 🌊港·澳·台, 名称: 东森综合, 有效: 0, IPv4: 1, IPv6: 0, 最小延迟: -1 ms, 最高速率: 0.00 M/s, 平均速率: 0.00 M/s, 最高分辨率: None
分类: 🌊港·澳·台, 名称: 靖天资讯, 有效: 0, IPv4: 3, IPv6: 0, 最小延迟: -1 ms, 最高速率: 0.00 M/s, 平均速率: 0.00 M/s, 最高分辨率: None
分类: 🌊港·澳·台, 名称: 纬来体育, 有效: 0, IPv4: 2, IPv6: 0, 最小延迟: 9985 ms, 最高速率: 0.00 M/s, 平均速率: 0.00 M/s, 最高分辨率: 1280x720
分类: 🌊港·澳·台, 名称: 东森超视, 有效: 0, IPv4: 2, IPv6: 0, 最小延迟: 1533 ms, 最高速率: 0.42 M/s, 平均速率: 0.00 M/s, 最高分辨率: 1920x1080
分类: 🌊港·澳·台, 名称: 纬来育乐, 有效: 0, IPv4: 4, IPv6: 0, 最小延迟: 9716 ms, 最高速率: 0.00 M/s, 平均速率: 0.00 M/s, 最高分辨率: 1280x720
分类: 🌊港·澳·台, 名称: 星卫娱乐, 有效: 0, IPv4: 2, IPv6: 0, 最小延迟: 10817 ms, 最高速率: 0.09 M/s, 平均速率: 0.00 M/s, 最高分辨率: 1920x1080
分类: 🌊港·澳·台, 名称: 凤凰资讯, 有效: 0, IPv4: 9, IPv6: 0, 最小延迟: 372 ms, 最高速率: 4.11 M/s, 平均速率: 0.00 M/s, 最高分辨率: 1920x1080
分类: 🌊港·澳·台, 名称: 凤凰香港, 有效: 0, IPv4: 6, IPv6: 0, 最小延迟: 174 ms, 最高速率: 2.65 M/s, 平均速率: 0.00 M/s, 最高分辨率: 1280x720
分类: 🌊港·澳·台, 名称: TVBS亚洲, 有效: 0, IPv4: 5, IPv6: 0, 最小延迟: 3312 ms, 最高速率: 0.42 M/s, 平均速率: 0.00 M/s, 最高分辨率: 1920x1080
分类: 🎬电影频道, 名称: CHC动作电影, 有效: 4, IPv4: 9, IPv6: 0, 最小延迟: 350 ms, 最高速率: 5.24 M/s, 平均速率: 3.11 M/s, 最高分辨率: 1920x1080
分类: 🌊港·澳·台, 名称: 东森电影, 有效: 0, IPv4: 3, IPv6: 0, 最小延迟: -1 ms, 最高速率: 0.00 M/s, 平均速率: 0.00 M/s, 最高分辨率: None
分类: 🎬电影频道, 名称: CHC家庭影院, 有效: 5, IPv4: 9, IPv6: 0, 最小延迟: 323 ms, 最高速率: 3.91 M/s, 平均速率: 3.35 M/s, 最高分辨率: 1920x1080
分类: 🎬电影频道, 名称: 靖天映画, 有效: 1, IPv4: 4, IPv6: 0, 最小延迟: 374 ms, 最高速率: 1.89 M/s, 平均速率: 1.89 M/s, 最高分辨率: 1920x1080
分类: 🎬电影频道, 名称: 淘剧场, 有效: 0, IPv4: 2, IPv6: 0, 最小延迟: -1 ms, 最高速率: 0.00 M/s, 平均速率: 0.00 M/s, 最高分辨率: None
分类: 🎬电影频道, 名称: NewTV惊悚悬疑, 有效: 2, IPv4: 4, IPv6: 0, 最小延迟: 60 ms, 最高速率: 74.27 M/s, 平均速率: 68.46 M/s, 最高分辨率: 1920x1080
分类: 🎬电影频道, 名称: 淘娱乐, 有效: 0, IPv4: 2, IPv6: 0, 最小延迟: 632 ms, 最高速率: 0.29 M/s, 平均速率: 0.00 M/s, 最高分辨率: 1920x1080
分类: 🎬电影频道, 名称: 私人影院, 有效: 0, IPv4: 2, IPv6: 0, 最小延迟: -1 ms, 最高速率: 0.00 M/s, 平均速率: 0.00 M/s, 最高分辨率: None
分类: 🎬电影频道, 名称: NewTV动作电影, 有效: 0, IPv4: 1, IPv6: 0, 最小延迟: -1 ms, 最高速率: 0.00 M/s, 平均速率: 0.00 M/s, 最高分辨率: None
分类: 🎬电影频道, 名称: 纬来电影, 有效: 0, IPv4: 10, IPv6: 0, 最小延迟: 352 ms, 最高速率: 0.21 M/s, 平均速率: 0.00 M/s, 最高分辨率: 1920x1080
分类: 🎬电影频道, 名称: 靖天戏剧, 有效: 0, IPv4: 5, IPv6: 0, 最小延迟: -1 ms, 最高速率: 0.00 M/s, 平均速率: 0.00 M/s, 最高分辨率: None
分类: 🎬电影频道, 名称: 经典电影, 有效: 0, IPv4: 3, IPv6: 0, 最小延迟: 1159 ms, 最高速率: 0.36 M/s, 平均速率: 0.00 M/s, 最高分辨率: 1280x720
分类: 🎬电影频道, 名称: 东森洋片, 有效: 0, IPv4: 7, IPv6: 0, 最小延迟: -1 ms, 最高速率: 0.00 M/s, 平均速率: 0.00 M/s, 最高分辨率: None
分类: 🎬电影频道, 名称: 天映经典, 有效: 0, IPv4: 8, IPv6: 0, 最小延迟: -1 ms, 最高速率: 0.00 M/s, 平均速率: 0.00 M/s, 最高分辨率: 1920x1080
分类: 🎬电影频道, 名称: 龙祥电影, 有效: 0, IPv4: 4, IPv6: 0, 最小延迟: 368 ms, 最高速率: 0.28 M/s, 平均速率: 0.00 M/s, 最高分辨率: 1280x720
分类: 🎬电影频道, 名称: IPTV经典电影, 有效: 0, IPv4: 1, IPv6: 0, 最小延迟: -1 ms, 最高速率: 0.00 M/s, 平均速率: 0.00 M/s, 最高分辨率: 1920x1080
分类: 🎬电影频道, 名称: 星空卫视, 有效: 0, IPv4: 2, IPv6: 0, 最小延迟: -1 ms, 最高速率: 0.00 M/s, 平均速率: 0.00 M/s, 最高分辨率: None
分类: 🪁动画频道, 名称: 动漫秀场, 有效: 0, IPv4: 5, IPv6: 0, 最小延迟: 10423 ms, 最高速率: 0.02 M/s, 平均速率: 0.00 M/s, 最高分辨率: 1920x1080
分类: 🪁动画频道, 名称: 爱动漫, 有效: 0, IPv4: 1, IPv6: 0, 最小延迟: -1 ms, 最高速率: 0.00 M/s, 平均速率: 0.00 M/s, 最高分辨率: None
分类: 🪁动画频道, 名称: 少儿动画, 有效: 0, IPv4: 13, IPv6: 0, 最小延迟: -1 ms, 最高速率: 0.00 M/s, 平均速率: 0.00 M/s, 最高分辨率: None
分类: 🪁动画频道, 名称: 新动漫, 有效: 0, IPv4: 3, IPv6: 0, 最小延迟: -1 ms, 最高速率: 0.00 M/s, 平均速率: 0.00 M/s, 最高分辨率: None
分类: 🪁动画频道, 名称: 优漫卡通, 有效: 0, IPv4: 3, IPv6: 0, 最小延迟: -1 ms, 最高速率: 0.00 M/s, 平均速率: 0.00 M/s, 最高分辨率: None
分类: 🪁动画频道, 名称: 浙江少儿, 有效: 0, IPv4: 4, IPv6: 0, 最小延迟: 1046 ms, 最高速率: 0.31 M/s, 平均速率: 0.00 M/s, 最高分辨率: 1920x1080
分类: 🎮游戏频道, 名称: 游戏风云, 有效: 0, IPv4: 3, IPv6: 0, 最小延迟: -1 ms, 最高速率: 0.00 M/s, 平均速率: 0.00 M/s, 最高分辨率: None
分类: 🎵音乐频道, 名称: 音乐调频广播, 有效: 0, IPv4: 1, IPv6: 0, 最小延迟: -1 ms, 最高速率: 0.00 M/s, 平均速率: 0.00 M/s, 最高分辨率: None
分类: 🪁动画频道, 名称: 金鹰卡通, 有效: 0, IPv4: 17, IPv6: 0, 最小延迟: 10433 ms, 最高速率: 0.00 M/s, 平均速率: 0.00 M/s, 最高分辨率: None
分类: 🪁动画频道, 名称: 七龙珠, 有效: 0, IPv4: 2, IPv6: 0, 最小延迟: -1 ms, 最高速率: 0.00 M/s, 平均速率: 0.00 M/s, 最高分辨率: None
分类: 🪁动画频道, 名称: 火影忍者, 有效: 0, IPv4: 1, IPv6: 0, 最小延迟: -1 ms, 最高速率: 0.00 M/s, 平均速率: 0.00 M/s, 最高分辨率: None
分类: 🏀体育频道, 名称: 睛彩篮球, 有效: 0, IPv4: 2, IPv6: 0, 最小延迟: -1 ms, 最高速率: 0.00 M/s, 平均速率: 0.00 M/s, 最高分辨率: None
分类: 🎮游戏频道, 名称: 游戏竞技, 有效: 0, IPv4: 1, IPv6: 0, 最小延迟: -1 ms, 最高速率: 0.00 M/s, 平均速率: 0.00 M/s, 最高分辨率: None
分类: 🏀体育频道, 名称: 魅力足球, 有效: 0, IPv4: 1, IPv6: 0, 最小延迟: -1 ms, 最高速率: 0.00 M/s, 平均速率: 0.00 M/s, 最高分辨率: None
分类: 🏀体育频道, 名称: 天元围棋, 有效: 2, IPv4: 2, IPv6: 0, 最小延迟: 446 ms, 最高速率: 8.76 M/s, 平均速率: 8.27 M/s, 最高分辨率: 1920x1080
分类: 🎵音乐频道, 名称: 音乐现场, 有效: 0, IPv4: 3, IPv6: 0, 最小延迟: 8 ms, 最高速率: 12.17 M/s, 平均速率: 0.00 M/s, 最高分辨率: None
分类: 🏀体育频道, 名称: 五星体育, 有效: 1, IPv4: 5, IPv6: 0, 最小延迟: 1197 ms, 最高速率: 0.56 M/s, 平均速率: 0.56 M/s, 最高分辨率: 1920x1080
分类: 🏀体育频道, 名称: 广东体育, 有效: 0, IPv4: 13, IPv6: 0, 最小延迟: 284 ms, 最高速率: 5.15 M/s, 平均速率: 0.00 M/s, 最高分辨率: 1920x1080
分类: 🏛经典剧场, 名称: 水浒传, 有效: 2, IPv4: 3, IPv6: 0, 最小延迟: 33 ms, 最高速率: 16.07 M/s, 平均速率: 15.36 M/s, 最高分辨率: 1920x1080
分类: 🏛经典剧场, 名称: 闯关东, 有效: 1, IPv4: 1, IPv6: 0, 最小延迟: 835 ms, 最高速率: 6.74 M/s, 平均速率: 6.74 M/s, 最高分辨率: 1920x1080
分类: ☘️江苏频道, 名称: 南京少儿, 有效: 0, IPv4: 1, IPv6: 0, 最小延迟: -1 ms, 最高速率: 0.00 M/s, 平均速率: 0.00 M/s, 最高分辨率: None
分类: 🏀体育频道, 名称: 体育赛事, 有效: 0, IPv4: 2, IPv6: 0, 最小延迟: -1 ms, 最高速率: 0.00 M/s, 平均速率: 0.00 M/s, 最高分辨率: 1920x1080
分类: 🏀体育频道, 名称: 安徽综艺体育, 有效: 0, IPv4: 1, IPv6: 0, 最小延迟: -1 ms, 最高速率: 0.00 M/s, 平均速率: 0.00 M/s, 最高分辨率: None
分类: 🏀体育频道, 名称: 睛彩广场舞, 有效: 0, IPv4: 4, IPv6: 0, 最小延迟: -1 ms, 最高速率: 0.00 M/s, 平均速率: 0.00 M/s, 最高分辨率: None
分类: 🏀体育频道, 名称: 快乐垂钓, 有效: 0, IPv4: 5, IPv6: 0, 最小延迟: 432 ms, 最高速率: 0.11 M/s, 平均速率: 0.00 M/s, 最高分辨率: 1920x1080
分类: 🏀体育频道, 名称: JJ斗地主, 有效: 0, IPv4: 10, IPv6: 0, 最小延迟: -1 ms, 最高速率: 0.00 M/s, 平均速率: 0.00 M/s, 最高分辨率: None
分类: 🏛经典剧场, 名称: 西游记, 有效: 1, IPv4: 7, IPv6: 0, 最小延迟: 747 ms, 最高速率: 6.83 M/s, 平均速率: 6.83 M/s, 最高分辨率: 1920x1080
分类: ☘️江苏频道, 名称: 南京十八, 有效: 0, IPv4: 1, IPv6: 0, 最小延迟: -1 ms, 最高速率: 0.00 M/s, 平均速率: 0.00 M/s, 最高分辨率: None
分类: ☘️江苏频道, 名称: 南京教科, 有效: 0, IPv4: 1, IPv6: 0, 最小延迟: -1 ms, 最高速率: 0.00 M/s, 平均速率: 0.00 M/s, 最高分辨率: None
分类: ☘️江苏频道, 名称: 南京新闻综合, 有效: 0, IPv4: 1, IPv6: 0, 最小延迟: -1 ms, 最高速率: 0.00 M/s, 平均速率: 0.00 M/s, 最高分辨率: None
分类: ☘️江苏频道, 名称: 南通新闻综合, 有效: 0, IPv4: 1, IPv6: 0, 最小延迟: -1 ms, 最高速率: 0.00 M/s, 平均速率: 0.00 M/s, 最高分辨率: None
分类: ☘️江苏频道, 名称: 扬州城市, 有效: 0, IPv4: 1, IPv6: 0, 最小延迟: -1 ms, 最高速率: 0.00 M/s, 平均速率: 0.00 M/s, 最高分辨率: None
分类: ☘️江苏频道, 名称: 扬州新闻, 有效: 0, IPv4: 1, IPv6: 0, 最小延迟: -1 ms, 最高速率: 0.00 M/s, 平均速率: 0.00 M/s, 最高分辨率: None
分类: ☘️江苏频道, 名称: 扬州生活, 有效: 0, IPv4: 1, IPv6: 0, 最小延迟: -1 ms, 最高速率: 0.00 M/s, 平均速率: 0.00 M/s, 最高分辨率: None
分类: ☘️江苏频道, 名称: 扬州邗江, 有效: 0, IPv4: 1, IPv6: 0, 最小延迟: -1 ms, 最高速率: 0.00 M/s, 平均速率: 0.00 M/s, 最高分辨率: None
分类: ☘️江苏频道, 名称: 江苏城市, 有效: 0, IPv4: 26, IPv6: 0, 最小延迟: -1 ms, 最高速率: 0.00 M/s, 平均速率: 0.00 M/s, 最高分辨率: None
分类: ☘️江苏频道, 名称: 江苏影视, 有效: 0, IPv4: 26, IPv6: 0, 最小延迟: 1639 ms, 最高速率: 0.00 M/s, 平均速率: 0.00 M/s, 最高分辨率: None
分类: ☘️江苏频道, 名称: 苏州4k, 有效: 1, IPv4: 1, IPv6: 0, 最小延迟: 820 ms, 最高速率: 1.66 M/s, 平均速率: 1.66 M/s, 最高分辨率: 1920x1080
分类: ☘️四川频道, 名称: 万源新闻综合, 有效: 0, IPv4: 1, IPv6: 0, 最小延迟: -1 ms, 最高速率: 0.00 M/s, 平均速率: 0.00 M/s, 最高分辨率: None
分类: ☘️四川频道, 名称: 利州综合, 有效: 0, IPv4: 1, IPv6: 0, 最小延迟: -1 ms, 最高速率: 0.00 M/s, 平均速率: 0.00 M/s, 最高分辨率: None
分类: ☘️四川频道, 名称: 乐至综合, 有效: 3, IPv4: 3, IPv6: 0, 最小延迟: 2745 ms, 最高速率: 0.83 M/s, 平均速率: 0.78 M/s, 最高分辨率: 1920x1080
分类: ☘️四川频道, 名称: 井研综合, 有效: 1, IPv4: 1, IPv6: 0, 最小延迟: 2833 ms, 最高速率: 0.64 M/s, 平均速率: 0.64 M/s, 最高分辨率: 1920x1080
分类: ☘️四川频道, 名称: 康巴卫视, 有效: 0, IPv4: 1, IPv6: 0, 最小延迟: -1 ms, 最高速率: 0.00 M/s, 平均速率: 0.00 M/s, 最高分辨率: None
分类: ☘️四川频道, 名称: 叙永综合, 有效: 0, IPv4: 1, IPv6: 0, 最小延迟: 2470 ms, 最高速率: 0.43 M/s, 平均速率: 0.00 M/s, 最高分辨率: 1920x1080
分类: ☘️四川频道, 名称: 四川科教, 有效: 0, IPv4: 1, IPv6: 0, 最小延迟: 2954 ms, 最高速率: 0.33 M/s, 平均速率: 0.00 M/s, 最高分辨率: 1920x1080
分类: ☘️四川频道, 名称: 仁寿综合, 有效: 0, IPv4: 1, IPv6: 0, 最小延迟: 1159 ms, 最高速率: 0.05 M/s, 平均速率: 0.00 M/s, 最高分辨率: None
分类: ☘️四川频道, 名称: 攀枝花新闻综合, 有效: 0, IPv4: 1, IPv6: 0, 最小延迟: -1 ms, 最高速率: 0.00 M/s, 平均速率: 0.00 M/s, 最高分辨率: None
分类: ☘️四川频道, 名称: 沐川综合, 有效: 0, IPv4: 1, IPv6: 0, 最小延迟: -1 ms, 最高速率: 0.00 M/s, 平均速率: 0.00 M/s, 最高分辨率: 1920x1080
分类: ☘️四川频道, 名称: 沙湾综合, 有效: 0, IPv4: 1, IPv6: 0, 最小延迟: -1 ms, 最高速率: 0.00 M/s, 平均速率: 0.00 M/s, 最高分辨率: None
分类: ☘️四川频道, 名称: 叙州新闻综合, 有效: 0, IPv4: 1, IPv6: 0, 最小延迟: -1 ms, 最高速率: 0.00 M/s, 平均速率: 0.00 M/s, 最高分辨率: None
分类: ☘️四川频道, 名称: 石棉综合, 有效: 0, IPv4: 1, IPv6: 0, 最小延迟: -1 ms, 最高速率: 0.00 M/s, 平均速率: 0.00 M/s, 最高分辨率: 1920x1080
分类: ☘️四川频道, 名称: 筠连综合, 有效: 0, IPv4: 1, IPv6: 0, 最小延迟: -1 ms, 最高速率: 0.00 M/s, 平均速率: 0.00 M/s, 最高分辨率: None
分类: ☘️四川频道, 名称: 绵阳科技, 有效: 0, IPv4: 1, IPv6: 0, 最小延迟: -1 ms, 最高速率: 0.00 M/s, 平均速率: 0.00 M/s, 最高分辨率: None
分类: ☘️四川频道, 名称: 绵阳综合, 有效: 0, IPv4: 1, IPv6: 0, 最小延迟: -1 ms, 最高速率: 0.00 M/s, 平均速率: 0.00 M/s, 最高分辨率: None
分类: ☘️四川频道, 名称: 荥经综合, 有效: 0, IPv4: 1, IPv6: 0, 最小延迟: 2294 ms, 最高速率: 0.38 M/s, 平均速率: 0.00 M/s, 最高分辨率: 1920x1080
分类: ☘️江苏频道, 名称: 江苏教育, 有效: 0, IPv4: 27, IPv6: 0, 最小延迟: -1 ms, 最高速率: 0.00 M/s, 平均速率: 0.00 M/s, 最高分辨率: None
分类: ☘️四川频道, 名称: 乐山新闻综合, 有效: 0, IPv4: 1, IPv6: 0, 最小延迟: -1 ms, 最高速率: 0.00 M/s, 平均速率: 0.00 M/s, 最高分辨率: None
分类: ☘️四川频道, 名称: 什邡新闻, 有效: 0, IPv4: 1, IPv6: 0, 最小延迟: -1 ms, 最高速率: 0.00 M/s, 平均速率: 0.00 M/s, 最高分辨率: 1920x1080
分类: ☘️四川频道, 名称: 金川新闻综合, 有效: 0, IPv4: 5, IPv6: 0, 最小延迟: 551 ms, 最高速率: 0.00 M/s, 平均速率: 0.00 M/s, 最高分辨率: 1920x1080
分类: ☘️四川频道, 名称: 金川乡村, 有效: 0, IPv4: 1, IPv6: 0, 最小延迟: 551 ms, 最高速率: 0.00 M/s, 平均速率: 0.00 M/s, 最高分辨率: 1024x576
分类: ☘️四川频道, 名称: 夹江新闻综合, 有效: 0, IPv4: 1, IPv6: 0, 最小延迟: -1 ms, 最高速率: 0.00 M/s, 平均速率: 0.00 M/s, 最高分辨率: None
分类: ☘️四川频道, 名称: 昭化综合, 有效: 0, IPv4: 1, IPv6: 0, 最小延迟: -1 ms, 最高速率: 0.00 M/s, 平均速率: 0.00 M/s, 最高分辨率: None
分类: ☘️四川频道, 名称: 双流综合, 有效: 0, IPv4: 1, IPv6: 0, 最小延迟: -1 ms, 最高速率: 0.00 M/s, 平均速率: 0.00 M/s, 最高分辨率: None
分类: ☘️四川频道, 名称: 长宁综合, 有效: 0, IPv4: 3, IPv6: 0, 最小延迟: -1 ms, 最高速率: 0.00 M/s, 平均速率: 0.00 M/s, 最高分辨率: 1920x1080
分类: ☘️四川频道, 名称: 青川综合, 有效: 1, IPv4: 1, IPv6: 0, 最小延迟: 2287 ms, 最高速率: 0.59 M/s, 平均速率: 0.59 M/s, 最高分辨率: 1920x1080
分类: ☘️四川频道, 名称: 德阳公共, 有效: 0, IPv4: 1, IPv6: 0, 最小延迟: -1 ms, 最高速率: 0.00 M/s, 平均速率: 0.00 M/s, 最高分辨率: None
分类: ☘️四川频道, 名称: 雅安新闻综合, 有效: 1, IPv4: 1, IPv6: 0, 最小延迟: 2533 ms, 最高速率: 0.63 M/s, 平均速率: 0.63 M/s, 最高分辨率: 1920x1080
分类: ☘️四川频道, 名称: 德阳新闻综合, 有效: 0, IPv4: 1, IPv6: 0, 最小延迟: -1 ms, 最高速率: 0.00 M/s, 平均速率: 0.00 M/s, 最高分辨率: None
分类: ☘️四川频道, 名称: 甘孜综合, 有效: 0, IPv4: 1, IPv6: 0, 最小延迟: -1 ms, 最高速率: 0.00 M/s, 平均速率: 0.00 M/s, 最高分辨率: None
分类: ☘️四川频道, 名称: 龙泉驿新闻综合, 有效: 0, IPv4: 1, IPv6: 0, 最小延迟: -1 ms, 最高速率: 0.00 M/s, 平均速率: 0.00 M/s, 最高分辨率: None
分类: ☘️四川频道, 名称: 青神综合, 有效: 0, IPv4: 2, IPv6: 0, 最小延迟: -1 ms, 最高速率: 0.00 M/s, 平均速率: 0.00 M/s, 最高分辨率: None
